// Vitest Snapshot v1, https://vitest.dev/guide/snapshot.html

exports[`should match current snapshot 1`] = `
"<contact-info>
<ul class="contact-info">
    <li class="contact-info-item email-item" id="email-item">Email</li>
    <li class="contact-info-item mobile-item" id="mobile-item">+61 402 888 801</li>
    <li class="contact-info-item github-item" id="github-item">Github</li>
    <li class="contact-info-item linkedin-item" id="linkedin-item">LinkedIn</li>
    <li class="contact-info-item facebook-item" id="facebook-item">facebook</li>
    <li class="contact-info-item twitter-item" id="twitter-item">Twitter</li>
</ul>
</contact-info>"
`;
